// Jest Snapshot v1, https://goo.gl/fbAQLP

exports[`displays hello message when button is clicked 1`] = `
<p
  aria-label="message"
>
  Hello!!!
</p>
`;
